                                 Started job on |	Nov 27 13:34:38
                             Started mapping on |	Nov 27 13:34:47
                                    Finished on |	Nov 27 13:34:51
       Mapping speed, Million of reads per hour |	2.02

                          Number of input reads |	2242
                      Average input read length |	38
                                    UNIQUE READS:
                   Uniquely mapped reads number |	466
                        Uniquely mapped reads % |	20.79%
                          Average mapped length |	38.21
                       Number of splices: Total |	3
            Number of splices: Annotated (sjdb) |	3
                       Number of splices: GT/AG |	3
                       Number of splices: GC/AG |	0
                       Number of splices: AT/AC |	0
               Number of splices: Non-canonical |	0
                      Mismatch rate per base, % |	10.83%
                         Deletion rate per base |	0.02%
                        Deletion average length |	1.50
                        Insertion rate per base |	0.00%
                       Insertion average length |	0.00
                             MULTI-MAPPING READS:
        Number of reads mapped to multiple loci |	0
             % of reads mapped to multiple loci |	0.00%
        Number of reads mapped to too many loci |	141
             % of reads mapped to too many loci |	6.29%
                                  UNMAPPED READS:
  Number of reads unmapped: too many mismatches |	0
       % of reads unmapped: too many mismatches |	0.00%
            Number of reads unmapped: too short |	1630
                 % of reads unmapped: too short |	72.70%
                Number of reads unmapped: other |	5
                     % of reads unmapped: other |	0.22%
                                  CHIMERIC READS:
                       Number of chimeric reads |	0
                            % of chimeric reads |	0.00%
