# reads processed: 2456
# reads with at least one alignment: 215 (8.75%)
# reads that failed to align: 2241 (91.25%)
Reported 215 alignments
